// Jest Snapshot v1, https://goo.gl/fbAQLP

exports[`list 1`] = `
[
  "Archway",
  "Axelar",
  "Cosmos Hub Atom",
  "Crescent",
  "Bonded Crescent",
  "Evmos",
  "Neokingdom DAO",
  "Teledisko DAO",
  "Crowdpunk DAO",
  "Graviton",
  "Kujira",
  "Stake",
  "Frienzies",
  "Flix",
  "Osmosis",
  "Ion DAO",
  "Persistence",
  "Secret Network",
  "Stride",
  "Umee",
  "Archway",
  "Axelar",
  "Cosmos Hub Atom",
  "Crescent",
  "Bonded Crescent",
  "Evmos",
  "Neokingdom DAO",
  "Teledisko DAO",
  "Crowdpunk DAO",
  "Graviton",
  "Kujira",
  "Stake",
  "Frienzies",
  "Flix",
  "Osmosis",
  "Ion DAO",
  "Persistence",
  "Secret Network",
  "Stride",
  "Umee",
]
`;
